// Jest Snapshot v1, https://goo.gl/fbAQLP

exports[`renders without crashing 1`] = `
<div
  className="hofContainer"
>
  <h5>
    Hall Of Fame 
  </h5>
  <table
    className="hallOfFame table"
  >
    <thead
      className=""
    >
      <tr>
        <th
          scope="col"
        >
          #
        </th>
        <th
          scope="col"
        >
          Word
        </th>
        <th
          scope="col"
        >
          Moves
        </th>
        <th
          scope="col"
        >
          Player
        </th>
      </tr>
    </thead>
    <tbody>
      <tr
        key="3"
      >
        <td
          className="index"
        >
          1
        </td>
        <td
          className="word"
        >
          test
        </td>
        <td
          className="guesses"
        >
          18
        </td>
        <td
          className="player"
        >
          Jane
        </td>
      </tr>
      <tr
        key="2"
      >
        <td
          className="index"
        >
          2
        </td>
        <td
          className="word"
        >
          test
        </td>
        <td
          className="guesses"
        >
          23
        </td>
        <td
          className="player"
        >
          Kevin
        </td>
      </tr>
      <tr
        key="1"
      >
        <td
          className="index"
        >
          3
        </td>
        <td
          className="word"
        >
          test
        </td>
        <td
          className="guesses"
        >
          31
        </td>
        <td
          className="player"
        >
          Louisa
        </td>
      </tr>
      <tr
        key="0"
      >
        <td
          className="index"
        >
          4
        </td>
        <td
          className="word"
        >
          test
        </td>
        <td
          className="guesses"
        >
          48
        </td>
        <td
          className="player"
        >
          Marc
        </td>
      </tr>
    </tbody>
  </table>
</div>
`;
